+ cd /mnt/nw/home/t.buckworth/researcher-runs/2026-07-31-spectral-optimizer-for-noise-reduction-on-financial-timeseri/audit-rerun-exp-004
+ source /mnt/nw/home/t.buckworth/venv/bin/activate
++ deactivate nondestructive
++ '[' -n '' ']'
++ '[' -n '' ']'
++ '[' -n /bin/bash -o -n '' ']'
++ hash -r
++ '[' -n '' ']'
++ unset VIRTUAL_ENV
++ unset VIRTUAL_ENV_PROMPT
++ '[' '!' nondestructive = nondestructive ']'
++ VIRTUAL_ENV=/mnt/nw/home/t.buckworth/venv
++ export VIRTUAL_ENV
++ _OLD_VIRTUAL_PATH=/usr/local/sbin:/usr/local/bin:/usr/sbin:/usr/bin:/sbin:/bin:/usr/games:/usr/local/games:/snap/bin
++ PATH=/mnt/nw/home/t.buckworth/venv/bin:/usr/local/sbin:/usr/local/bin:/usr/sbin:/usr/bin:/sbin:/bin:/usr/games:/usr/local/games:/snap/bin
++ export PATH
++ '[' -n '' ']'
++ '[' -z '' ']'
++ _OLD_VIRTUAL_PS1=
++ PS1='(venv) '
++ export PS1
++ VIRTUAL_ENV_PROMPT='(venv) '
++ export VIRTUAL_ENV_PROMPT
++ '[' -n /bin/bash -o -n '' ']'
++ hash -r
+ EPH=/ephemeral/t.buckworth/researcher-shards
+ mkdir -p /ephemeral/t.buckworth/researcher-shards
+ RUNROOT=/mnt/nw/home/t.buckworth/researcher-runs/2026-07-31-spectral-optimizer-for-noise-reduction-on-financial-timeseri
+ '[' '!' -f /ephemeral/t.buckworth/researcher-shards/shard_train.parquet ']'
+ '[' '!' -f /ephemeral/t.buckworth/researcher-shards/shard_verdict.parquet ']'
+ cp data/shard_verdict_audit.parquet /ephemeral/t.buckworth/researcher-shards/
+ ls -la /ephemeral/t.buckworth/researcher-shards
total 705448
drwxrwx--- 2 t.buckworth t.buckworth      4096 Aug  2 12:48 .
drwx------ 5 t.buckworth t.buckworth      4096 Aug  1 08:54 ..
-rw-rw---- 1 t.buckworth t.buckworth 103633413 Aug  1 08:54 shard_train.parquet
-rw-rw---- 1 t.buckworth t.buckworth 267171114 Aug  1 08:57 shard_tuning.parquet
-rw-rw---- 1 t.buckworth t.buckworth 175777623 Aug  1 16:31 shard_verdict.parquet
-rw-rw---- 1 t.buckworth t.buckworth 175777602 Aug  2 12:48 shard_verdict_audit.parquet
+ python -u src/rerun_job.py --train-shard /ephemeral/t.buckworth/researcher-shards/shard_train.parquet --verdict-shard /ephemeral/t.buckworth/researcher-shards/shard_verdict.parquet --verdict-shard2 /ephemeral/t.buckworth/researcher-shards/shard_verdict_audit.parquet --ref ref --outdir out
device: cuda, torch 2.5.1+cu121
gpu: NVIDIA L40
FROZEN: t07 lr=0.001 wd=0.001 do=0.2, steps=2000, B=1024, seeds=[10, 11, 12], mode=hard mp_factor=2.0 (F2), within-era batches (F6), GAF rule |sum sign|>= 2.0*sqrt(B), C4 rule = k+ratio traj matched to filter_on same seed, random orthonormal sample-subspace
train shard: 384000 rows, 705 features, 150 eras (0425..0574)
verdict shard: 652800 rows, 705 features, 255 eras (0971..1225)
AUDIT shard (own subsample): 652800 rows, 705 features, 255 eras (0971..1225)

zero-predictor: mean spearman +0.00057, mean numerai_corr +0.00063 over 255 eras

### filter_off_s10
    step    0 loss 0.05604
    step  400 loss 0.05126
    step  800 loss 0.04936
    step 1200 loss 0.04444
    step 1600 loss 0.04684
  filter_off_s10: mean spearman +0.00350, mean numerai_corr +0.00293 (train 2.8s)

### filter_on_s10
    step    0 loss 0.05604 k     53 ratio 1.062 cos 0.882
    step  400 loss 0.05115 k      6 ratio 4.985 cos 0.902
    step  800 loss 0.05139 k      2 ratio 19.084 cos 0.836
    step 1200 loss 0.04747 k      2 ratio 9.559 cos -0.969
Traceback (most recent call last):
  File "/mnt/nw/home/t.buckworth/researcher-runs/2026-07-31-spectral-optimizer-for-noise-reduction-on-financial-timeseri/audit-rerun-exp-004/src/rerun_job.py", line 420, in <module>
    main()
  File "/mnt/nw/home/t.buckworth/researcher-runs/2026-07-31-spectral-optimizer-for-noise-reduction-on-financial-timeseri/audit-rerun-exp-004/src/rerun_job.py", line 373, in main
    model, dt, diag, traj = train_filtered(
  File "/mnt/nw/home/t.buckworth/researcher-runs/2026-07-31-spectral-optimizer-for-noise-reduction-on-financial-timeseri/audit-rerun-exp-004/src/rerun_job.py", line 222, in train_filtered
    consensus, diag = filt._spectral_filter(G, B)  # F11 verbatim
  File "/mnt/nw/home/t.buckworth/researcher-runs/2026-07-31-spectral-optimizer-for-noise-reduction-on-financial-timeseri/audit-rerun-exp-004/src/spectral_optimizer.py", line 79, in _spectral_filter
    eigenvalues, U = torch.linalg.eigh(S)
torch._C._LinAlgError: linalg.eigh: The algorithm failed to converge because the input matrix is ill-conditioned or has too many repeated eigenvalues (error code: 1).
